// Jest Snapshot v1, https://goo.gl/fbAQLP

exports[`Core isValidISODateString tests isValidISODateString. expect a valid ISO string to validate with all negative zone offsets 1`] = `
Array [
  true,
  true,
  true,
  true,
  true,
  true,
  true,
  true,
  true,
  true,
  true,
  true,
  true,
  true,
]
`;

exports[`Core isValidISODateString tests isValidISODateString. expect a valid ISO string to validate with all positive zone offsets 1`] = `
Array [
  true,
  true,
  true,
  true,
  true,
  true,
  true,
  true,
  true,
  true,
  true,
  true,
  true,
  true,
  true,
  true,
  true,
  true,
  true,
  true,
  true,
  true,
  true,
  true,
]
`;

exports[`Core isValidISODateString tests isValidISODateString. expect all valid ISO 8601 strings to validate 1`] = `
Array [
  true,
  true,
  true,
  true,
  true,
]
`;
